<?xml version="1.0" encoding="utf-8"?><testsuites><testsuite name="pytest" errors="0" failures="0" skipped="0" tests="75" time="0.777" timestamp="2025-05-20T13:50:03.651510-04:00" hostname="Mac"><testcase classname="tests.test_app" name="test_create_service_order_success" time="0.004" /><testcase classname="tests.test_app" name="test_create_service_order_missing_customer_id" time="0.002" /><testcase classname="tests.test_app" name="test_create_service_order_missing_location_id" time="0.002" /><testcase classname="tests.test_app" name="test_create_service_order_missing_required_fields" time="0.002" /><testcase classname="tests.test_app" name="test_update_service_order_success" time="0.002" /><testcase classname="tests.test_app" name="test_update_service_order_not_found" time="0.002" /><testcase classname="tests.test_app" name="test_delete_service_order_success" time="0.002" /><testcase classname="tests.test_app" name="test_delete_service_order_not_found" time="0.002" /><testcase classname="tests.test_app" name="test_get_service_order_by_id_success" time="0.002" /><testcase classname="tests.test_app" name="test_get_service_order_by_id_not_found" time="0.002" /><testcase classname="tests.test_app" name="test_get_service_orders_by_customer" time="0.002" /><testcase classname="tests.test_app" name="test_get_service_orders_by_location" time="0.002" /><testcase classname="tests.test_app" name="test_method_not_allowed" time="0.003" /><testcase classname="tests.test_app" name="test_internal_server_error" time="0.002" /><testcase classname="tests.test_app" name="test_options_request" time="0.002" /><testcase classname="tests.test_models" name="test_service_order_base_valid_data" time="0.000" /><testcase classname="tests.test_models" name="test_service_order_base_required_fields_only" time="0.000" /><testcase classname="tests.test_models" name="test_service_order_base_missing_required_fields" time="0.000" /><testcase classname="tests.test_models" name="test_service_order_base_invalid_uuid" time="0.000" /><testcase classname="tests.test_models" name="test_service_order_base_invalid_date_format" time="0.000" /><testcase classname="tests.test_models" name="test_service_order_base_invalid_time_format" time="0.000" /><testcase classname="tests.test_models" name="test_service_order_base_invalid_duration_type" time="0.000" /><testcase classname="tests.test_models" name="test_service_order_create_valid_data" time="0.000" /><testcase classname="tests.test_models" name="test_service_order_create_missing_location_id" time="0.000" /><testcase classname="tests.test_models" name="test_service_order_update_valid_data" time="0.000" /><testcase classname="tests.test_models" name="test_service_order_response_valid_data" time="0.000" /><testcase classname="tests.test_models" name="test_service_order_response_missing_required_fields" time="0.000" /><testcase classname="tests.test_models" name="test_service_order_response_json_serialization" time="0.000" /><testcase classname="tests.test_models" name="test_dynamodb_service_order_from_service_order" time="0.000" /><testcase classname="tests.test_models" name="test_dynamodb_service_order_to_response_model" time="0.000" /><testcase classname="tests.test_models" name="test_dynamodb_service_order_optional_fields" time="0.000" /><testcase classname="tests.test_repository" name="test_create_service_order" time="0.044" /><testcase classname="tests.test_repository" name="test_create_service_order_error" time="0.035" /><testcase classname="tests.test_repository" name="test_get_service_order" time="0.047" /><testcase classname="tests.test_repository" name="test_get_service_order_not_found" time="0.035" /><testcase classname="tests.test_repository" name="test_get_service_order_error" time="0.035" /><testcase classname="tests.test_repository" name="test_update_service_order" time="0.047" /><testcase classname="tests.test_repository" name="test_update_service_order_not_found" time="0.034" /><testcase classname="tests.test_repository" name="test_update_service_order_error" time="0.034" /><testcase classname="tests.test_repository" name="test_mark_service_order_deleted" time="0.047" /><testcase classname="tests.test_repository" name="test_mark_service_order_deleted_not_found" time="0.035" /><testcase classname="tests.test_repository" name="test_mark_service_order_deleted_error" time="0.036" /><testcase classname="tests.test_repository" name="test_query_service_orders_by_customer" time="0.046" /><testcase classname="tests.test_repository" name="test_query_service_orders_by_customer_and_location" time="0.035" /><testcase classname="tests.test_repository" name="test_query_service_orders_by_customer_empty_results" time="0.035" /><testcase classname="tests.test_repository" name="test_query_service_orders_by_customer_error" time="0.046" /><testcase classname="tests.test_validators" name="test_validate_uuid_valid" time="0.000" /><testcase classname="tests.test_validators" name="test_validate_uuid_invalid" time="0.000" /><testcase classname="tests.test_validators" name="test_validate_iso_date_valid" time="0.000" /><testcase classname="tests.test_validators" name="test_validate_iso_date_invalid" time="0.000" /><testcase classname="tests.test_validators" name="test_validate_iso_date_none" time="0.000" /><testcase classname="tests.test_validators" name="test_validate_iso_time_valid" time="0.000" /><testcase classname="tests.test_validators" name="test_validate_iso_time_invalid" time="0.000" /><testcase classname="tests.test_validators" name="test_validate_iso_time_none" time="0.000" /><testcase classname="tests.test_validators" name="test_validate_create_request_valid" time="0.000" /><testcase classname="tests.test_validators" name="test_validate_create_request_missing_customer_id" time="0.000" /><testcase classname="tests.test_validators" name="test_validate_create_request_missing_location_id" time="0.000" /><testcase classname="tests.test_validators" name="test_validate_create_request_missing_body" time="0.000" /><testcase classname="tests.test_validators" name="test_validate_create_request_invalid_json" time="0.000" /><testcase classname="tests.test_validators" name="test_validate_create_request_missing_required_fields" time="0.000" /><testcase classname="tests.test_validators" name="test_validate_create_request_invalid_uuid_field" time="0.000" /><testcase classname="tests.test_validators" name="test_validate_create_request_invalid_date_format" time="0.000" /><testcase classname="tests.test_validators" name="test_validate_create_request_invalid_time_format" time="0.000" /><testcase classname="tests.test_validators" name="test_validate_create_request_invalid_duration" time="0.000" /><testcase classname="tests.test_validators" name="test_validate_update_request_valid" time="0.000" /><testcase classname="tests.test_validators" name="test_validate_update_request_missing_id" time="0.000" /><testcase classname="tests.test_validators" name="test_validate_update_request_invalid_id" time="0.000" /><testcase classname="tests.test_validators" name="test_validate_delete_request_valid" time="0.000" /><testcase classname="tests.test_validators" name="test_validate_delete_request_missing_id" time="0.000" /><testcase classname="tests.test_validators" name="test_validate_delete_request_invalid_id" time="0.000" /><testcase classname="tests.test_validators" name="test_validate_get_request_valid_with_id" time="0.000" /><testcase classname="tests.test_validators" name="test_validate_get_request_valid_with_location" time="0.000" /><testcase classname="tests.test_validators" name="test_validate_get_request_valid_customer_only" time="0.000" /><testcase classname="tests.test_validators" name="test_validate_get_request_missing_customer_id" time="0.000" /><testcase classname="tests.test_validators" name="test_validate_get_request_invalid_id" time="0.000" /></testsuite></testsuites>